// Jest Snapshot v1, https://goo.gl/fbAQLP

exports[`Header Component should render Header component correctly 1`] = `
<header
  className="header"
>
  <div
    className="header__content"
  >
    <NavLink
      className="header__title"
      to="/"
    >
      <h1>
        Countries List
      </h1>
    </NavLink>
  </div>
</header>
`;
